// Jest Snapshot v1, https://goo.gl/fbAQLP

exports[`Modal Component checks a snapshot 1`] = `
<div>
  <div
    class="fixed z-10 inset-0 overflow-y-auto"
  >
    <div
      class="flex items-end justify-center min-h-screen pt-4 px-4 pb-20 text-center sm:block sm:p-0"
    >
      <div
        aria-labelledby="modal-headline"
        aria-modal="true"
        class="inline-block align-bottom bg-white rounded-lg text-left overflow-hidden shadow-xl transform transition-all sm:my-8 sm:align-middle sm:max-w-lg sm:w-full"
        role="dialog"
      >
        <div
          class="bg-white px-4 pt-5 pb-4 sm:p-6 sm:pb-4"
        >
          <iframe
            allowfullscreen=""
            class="h-[200px] sm:h-[400px] w-full"
            src="https://www.youtube.com/embed/abcd1234"
            title="YouTube video player"
          />
        </div>
        <div
          class="bg-gray-50 px-4 py-3 sm:px-6 sm:flex sm:flex-row-reverse"
        >
          <button
            class=" w-full inline-flex justify-center rounded-md border border-transparent shadow-sm px-4 py-2 bg-red-600 text-base font-medium text-white hover:bg-red-700 focus:outline-none focus:ring-2 focus:ring-offset-2 focus:ring-red-500 sm:ml-3 sm:w-auto sm:text-sm"
            type="button"
          >
            <div
              class="flex items-center"
            >
              Close
            </div>
          </button>
        </div>
      </div>
    </div>
  </div>
</div>
`;
